Last login: Mon Aug 21 00:24:34 on ttys000
Joys-Air:~ joystoffer$ cd desktop
Joys-Air:desktop joystoffer$ mkdir GitHubRepoAssignment
Joys-Air:desktop joystoffer$ cd GitHubRepoAssignment
Joys-Air:GitHubRepoAssignment joystoffer$ git init
Initialized empty Git repository in /Users/joystoffer/Desktop/GitHubRepoAssignment/.git/
Joys-Air:GitHubRepoAssignment joystoffer$ touch readme.md
Joys-Air:GitHubRepoAssignment joystoffer$ git status
On branch master

No commits yet

Untracked files:
  (use "git add <file>..." to include in what will be committed)

	readme.md

nothing added to commit but untracked files present (use "git add" to track)
Joys-Air:GitHubRepoAssignment joystoffer$ git add readme.md
Joys-Air:GitHubRepoAssignment joystoffer$ git commit -m "GitHub Repo Assignment"
[master (root-commit) 1d99af3] GitHub Repo Assignment
 1 file changed, 1 insertion(+)
 create mode 100644 readme.md
Joys-Air:GitHubRepoAssignment joystoffer$ git remote add origin https://github.com/JoyStoffer/GitHubRepoAssignment.git
Joys-Air:GitHubRepoAssignment joystoffer$ git push -u origin master
Username for 'https://github.com': JoyStoffer
Password for 'https://JoyStoffer@github.com':
Counting objects: 3, done.
Writing objects: 100% (3/3), 266 bytes | 266.00 KiB/s, done.
Total 3 (delta 0), reused 0 (delta 0)
To https://github.com/JoyStoffer/GitHubRepoAssignment.git
 * [new branch]      master -> master
Branch master set up to track remote branch master from origin.
Joys-Air:GitHubRepoAssignment joystoffer$
